Template padding will be used.
[32m gasteiger charges will be computed from scratch
 [0m

Files written:
  D:\Obsidian\杨存邦ob\04_项目库\进行中\UC药食同源药对筛选平台\data\formal_analysis\uc-24-herbs-v1\docking_top3\5IKR_chainA_receptor.pdbqt <-- static (i.e., rigid) receptor input file
           D:\Obsidian\杨存邦ob\04_项目库\进行中\UC药食同源药对筛选平台\data\formal_analysis\uc-24-herbs-v1\docking_top3\5IKR_vina_box.txt <-- Vina-style box dimension file
D:\Obsidian\杨存邦ob\04_项目库\进行中\UC药食同源药对筛选平台\data\formal_analysis\uc-24-herbs-v1\docking_top3\5IKR_chainA_receptor.box.pdb <-- PDB file to visualize the grid box
Input molecules processed: 1, skipped: 0
PDBQT files written: 1
PDBQT files not written due to error: 0
Input molecules with errors: 0
Input molecules processed: 1, skipped: 0
PDBQT files written: 1
PDBQT files not written due to error: 0
Input molecules with errors: 0
Input molecules processed: 1, skipped: 0
PDBQT files written: 1
PDBQT files not written due to error: 0
Input molecules with errors: 0
Input molecules processed: 1, skipped: 0
PDBQT files written: 1
PDBQT files not written due to error: 0
Input molecules with errors: 0
{
  "status": "completed",
  "top3_pair_count": 3,
  "unique_herb_count": 4,
  "unique_ligand_count": 3,
  "target_gene": "PTGS2",
  "pdb_id": "5IKR",
  "redocking": {
    "target_gene": "PTGS2",
    "pdb_id": "5IKR",
    "species": "Homo sapiens",
    "receptor_chain": "A",
    "resolution_angstrom": 2.342,
    "reference_ligand": "ID8 (mefenamic acid)",
    "best_affinity_kcal_mol": -8.881,
    "symmetry_aware_heavy_atom_rmsd_angstrom": 1.7969,
    "direct_heavy_atom_rmsd_angstrom": 1.8448,
    "threshold_angstrom": 2.0,
    "passed": true
  },
  "best_affinity_range_kcal_mol": [
    -8.142,
    -5.935
  ],
  "parameters": {
    "vina_version": "1.2.7",
    "exhaustiveness": 16,
    "num_modes": 9,
    "seed": 20260927,
    "box_center": [
      38.457,
      2.484,
      61.23
    ],
    "box_size": [
      24,
      24,
      24
    ],
    "target_gene": "PTGS2",
    "pdb_id": "5IKR"
  },
  "interpretation_limit": "分子对接支持潜在结合，不证明药对协同或临床疗效。"
}
